// Jest Snapshot v1, https://goo.gl/fbAQLP

exports[`sort test suite should return new neutron 1`] = `
Array [
  Object {
    "value": "Chelsey Dietrich",
  },
  Object {
    "value": "Clementine Bauch",
  },
  Object {
    "value": "Ervin Howell",
  },
  Object {
    "value": "Leanne Graham",
  },
  Object {
    "value": "Mrs. Dennis Schulist",
  },
  Object {
    "value": "Patricia Lebsack",
  },
]
`;
